// Jest Snapshot v1, https://goo.gl/fbAQLP

exports[`Header has a logo and a title 1`] = `
<DocumentFragment>
  <header
    class="sc-bdVaJa DnvYQ"
  >
    <a
      href="/"
    >
      <img
        alt="Home"
        class="sc-bwzfXH ZQnxd"
        src="ASSET"
      />
    </a>
    <h1
      class="sc-htpNat OaCfN"
    >
      TITLE
    </h1>
  </header>
</DocumentFragment>
`;
