// Jest Snapshot v1, https://goo.gl/fbAQLP

exports[`Catalog has a header, a platform filter and a list of games 1`] = `
<React.Fragment>
  <Header
    title="Game catalog"
  />
  <PlatformFilter
    platforms={
      Array [
        "PC",
        "PS4",
        "Xbox",
        "GBA",
      ]
    }
    selectPlatform={[Function]}
  />
  <ForwardRef>
    <GameCard
      cover="//placehold.it/359x411"
      name="Rayman"
      platform="GBA"
    />
    <GameCard
      cover="//placehold.it/359x411"
      name="Rainbow Six"
      platform="PC"
    />
    <GameCard
      cover="//placehold.it/359x411"
      name="Just Dance"
      platform="Xbox"
    />
  </ForwardRef>
</React.Fragment>
`;
