// Jest Snapshot v1, https://goo.gl/fbAQLP

exports[`Catalog has a header, a platform filter and a list of games 1`] = `
<DocumentFragment>
  <header
    class="sc-bdVaJa DnvYQ"
  >
    <a
      href="/"
    >
      <img
        class="sc-bwzfXH ZQnxd"
        src="ASSET"
      />
    </a>
    <h1
      class="sc-htpNat OaCfN"
    >
      Game catalog
    </h1>
  </header>
  <nav
    class="sc-bxivhb gYQIdK"
  >
    <button
      class="sc-ifAKCX lnbSfD"
    >
      All
    </button>
    <button
      class="sc-ifAKCX vfORQ"
    >
      PC
    </button>
    <button
      class="sc-ifAKCX vfORQ"
    >
      PS4
    </button>
    <button
      class="sc-ifAKCX vfORQ"
    >
      Xbox
    </button>
    <button
      class="sc-ifAKCX vfORQ"
    >
      GBA
    </button>
  </nav>
  <div
    class="sc-gZMcBi GxNwi"
  >
    <a
      class="sc-iwsKbI bJyCXo"
      href="/game/0"
    >
      <section
        class="sc-EHOje deSQAN"
      >
        <div
          class="sc-bZQynM jWoGuD"
        >
           
        </div>
        <div
          class="sc-gzVnrw fOmOdP"
        >
          <h2
            class="sc-htoDjs ePsuFm"
          >
            Rayman
          </h2>
          <p
            class="sc-dnqmqq krsNFX"
          >
            GBA
          </p>
        </div>
      </section>
    </a>
    <a
      class="sc-iwsKbI bJyCXo"
      href="/game/1"
    >
      <section
        class="sc-EHOje deSQAN"
      >
        <div
          class="sc-bZQynM jWoGuD"
        >
           
        </div>
        <div
          class="sc-gzVnrw fOmOdP"
        >
          <h2
            class="sc-htoDjs ePsuFm"
          >
            Rainbow Six
          </h2>
          <p
            class="sc-dnqmqq krsNFX"
          >
            PC
          </p>
        </div>
      </section>
    </a>
    <a
      class="sc-iwsKbI bJyCXo"
      href="/game/2"
    >
      <section
        class="sc-EHOje deSQAN"
      >
        <div
          class="sc-bZQynM jWoGuD"
        >
           
        </div>
        <div
          class="sc-gzVnrw fOmOdP"
        >
          <h2
            class="sc-htoDjs ePsuFm"
          >
            Just Dance
          </h2>
          <p
            class="sc-dnqmqq krsNFX"
          >
            Xbox
          </p>
        </div>
      </section>
    </a>
  </div>
</DocumentFragment>
`;
