// Jest Snapshot v1, https://goo.gl/fbAQLP

exports[`GameCard has a cover, a name and a platform 1`] = `
<DocumentFragment>
  <section
    class="sc-bdVaJa eWaJjR"
  >
    <div
      class="sc-bwzfXH hpGzrT"
    >
       
    </div>
    <div
      class="sc-htpNat idEDlL"
    >
      <h2
        class="sc-bxivhb erAnRb"
      >
        Rayman
      </h2>
      <p
        class="sc-ifAKCX hfFObq"
      >
        PS4
      </p>
    </div>
  </section>
</DocumentFragment>
`;
