// Jest Snapshot v1, https://goo.gl/fbAQLP

exports[`GameCard has a screenshot, a title and a platform 1`] = `
.c0 {
  min-width: 320px;
  max-width: 350px;
  background: #c4c4c4;
  border-radius: 8px;
  box-shadow: 0px 4px 4px rgba(0,0,0,0.25);
  overflow: hidden;
}

.c1 {
  height: 411px;
}

.c2 {
  padding: 16px;
  background: #ffffff;
}

.c3 {
  margin: 0;
  padding: 0;
  font-weight: normal;
  font-size: 18px;
}

.c4 {
  margin: 0;
  margin-top: 8px;
  padding: 0;
  font-size: 14px;
}

<section
  className="c0"
>
  <img
    className="c1"
    src="//placehold.it/300x300"
  />
  <div
    className="c2"
  >
    <h2
      className="c3"
    >
      Title
    </h2>
    <p
      className="c4"
    >
      PS4
    </p>
  </div>
</section>
`;
