// Jest Snapshot v1, https://goo.gl/fbAQLP

exports[`PlatformFilter has a list of platforms 1`] = `
<DocumentFragment>
  <nav
    class="sc-bdVaJa eVCtOy"
  >
    <button
      class="sc-bwzfXH cIfOCo"
    >
      All
    </button>
    <button
      class="sc-bwzfXH cIfOCo"
    >
      PC
    </button>
    <button
      class="sc-bwzfXH hsBwin"
    >
      PS4
    </button>
    <button
      class="sc-bwzfXH cIfOCo"
    >
      Xbox
    </button>
  </nav>
</DocumentFragment>
`;
