// Jest Snapshot v1, https://goo.gl/fbAQLP

exports[`Details has a hero image, a name, a platform and a multi-paragraph description 1`] = `
<DocumentFragment>
  <header
    class="sc-bdVaJa DnvYQ"
  >
    <a
      href="/"
    >
      <img
        class="sc-bwzfXH ZQnxd"
        src="ASSET"
      />
    </a>
    <h1
      class="sc-htpNat OaCfN"
    >
      Game details
    </h1>
  </header>
  <div
    class="sc-bxivhb bFXeXP"
  />
  <div
    class="sc-ifAKCX hZphQU"
  >
    <article
      class="sc-EHOje dyyesI"
    >
      <div
        class="sc-bZQynM xZoRQ"
      >
        <h1
          class="sc-gzVnrw dKRxNX"
        >
          Rainbow Six
        </h1>
        <p
          class="sc-htoDjs cygKRn"
        >
          PC
        </p>
      </div>
      <div
        class="sc-dnqmqq ggxhkz"
      >
        <p>
          Lorem ipsum.
        </p>
        <p>
          Lorem ipsum.
        </p>
      </div>
    </article>
  </div>
</DocumentFragment>
`;
