// Jest Snapshot v1, https://goo.gl/fbAQLP

exports[`Details has a hero image, a name, a platform and a multi-paragraph description 1`] = `
<DocumentFragment>
  <header
    class="sc-bdVaJa DnvYQ"
  >
    <a
      href="/"
    >
      <img
        class="sc-bwzfXH ZQnxd"
        src="ASSET"
      />
    </a>
    <h1
      class="sc-htpNat OaCfN"
    >
      Game details
    </h1>
  </header>
  <div
    class="sc-bxivhb bFXeXP"
  />
  <article
    class="sc-ifAKCX jOChXZ"
  >
    <div
      class="sc-EHOje gTGnrE"
    >
      <h1
        class="sc-bZQynM kgRwQZ"
      >
        Rainbow Six
      </h1>
      <p
        class="sc-gzVnrw ibZhkv"
      >
        PC
      </p>
    </div>
    <div
      class="sc-htoDjs ikyIka"
    >
      <p>
        Lorem ipsum.
      </p>
      <p>
        Lorem ipsum.
      </p>
    </div>
  </article>
</DocumentFragment>
`;
